2026-04-28 14:20:32 INFO  [main] o.e.service.ExpiredOtpScheduler - Expired OTP scheduler started. Interval: 5 seconds
2026-04-28 14:20:32 INFO  [main] org.example.Main - OTP Service started on port 8080
2026-04-28 14:20:44 INFO  [HTTP-Dispatcher] org.example.api.AuthHandler - Incoming request: POST /api/register
2026-04-28 14:20:44 INFO  [HTTP-Dispatcher] org.example.api.AuthHandler - User registered: username=user2 role=USER
2026-04-28 14:20:44 INFO  [HTTP-Dispatcher] org.example.api.AuthHandler - Request completed: POST /api/register status=201
2026-04-28 14:20:56 INFO  [HTTP-Dispatcher] org.example.api.AuthHandler - Incoming request: POST /api/login
2026-04-28 14:20:56 INFO  [HTTP-Dispatcher] org.example.api.AuthHandler - User logged in: username=user1 role=USER
2026-04-28 14:20:56 INFO  [HTTP-Dispatcher] org.example.api.AuthHandler - Request completed: POST /api/login status=200
2026-04-28 14:21:04 INFO  [HTTP-Dispatcher] org.example.api.AdminHandler - Incoming admin request: GET /api/admin/config
2026-04-28 14:21:04 INFO  [HTTP-Dispatcher] org.example.api.AdminHandler - Admin request completed: GET /api/admin/config status=200
2026-04-28 14:21:15 INFO  [HTTP-Dispatcher] org.example.api.AdminHandler - Incoming admin request: PUT /api/admin/config
2026-04-28 14:21:15 INFO  [HTTP-Dispatcher] org.example.api.AdminHandler - OTP config updated: codeLength=6 ttlSeconds=120
2026-04-28 14:21:15 INFO  [HTTP-Dispatcher] org.example.api.AdminHandler - Admin request completed: PUT /api/admin/config status=200
2026-04-28 14:21:29 INFO  [HTTP-Dispatcher] org.example.api.AdminHandler - Incoming admin request: GET /api/admin/users
2026-04-28 14:21:29 INFO  [HTTP-Dispatcher] org.example.api.AdminHandler - Admin request completed: GET /api/admin/users status=200
2026-04-28 14:21:42 INFO  [HTTP-Dispatcher] org.example.api.AdminHandler - Incoming admin request: DELETE /api/admin/users/3
2026-04-28 14:21:43 INFO  [HTTP-Dispatcher] org.example.api.AdminHandler - User deleted by admin: userId=3
2026-04-28 14:21:43 INFO  [HTTP-Dispatcher] org.example.api.AdminHandler - Admin request completed: DELETE /api/admin/users/3 status=200
2026-04-28 14:21:49 INFO  [HTTP-Dispatcher] org.example.api.AdminHandler - Incoming admin request: GET /api/admin/users
2026-04-28 14:21:49 INFO  [HTTP-Dispatcher] org.example.api.AdminHandler - Admin request completed: GET /api/admin/users status=200
2026-04-28 14:22:24 INFO  [HTTP-Dispatcher] org.example.api.OtpHandler - Incoming OTP request: POST /api/otp/generate
2026-04-28 14:22:24 INFO  [HTTP-Dispatcher] org.example.api.OtpHandler - OTP generated: userId=2 operationId=PAYMENT-1003 channel=FILE status=ACTIVE expiresAt=2026-04-28T14:24:24.266889
2026-04-28 14:22:24 INFO  [HTTP-Dispatcher] org.example.api.OtpHandler - OTP request completed: POST /api/otp/generate status=201
2026-04-28 14:22:42 INFO  [HTTP-Dispatcher] org.example.api.OtpHandler - Incoming OTP request: POST /api/otp/validate
2026-04-28 14:22:42 INFO  [HTTP-Dispatcher] org.example.api.OtpHandler - OTP validated: userId=2 operationId=PAYMENT-1003
2026-04-28 14:22:42 INFO  [HTTP-Dispatcher] org.example.api.OtpHandler - OTP request completed: POST /api/otp/validate status=200
2026-04-28 14:22:46 INFO  [HTTP-Dispatcher] org.example.api.OtpHandler - Incoming OTP request: POST /api/otp/validate
2026-04-28 14:22:46 WARN  [HTTP-Dispatcher] org.example.api.OtpHandler - OTP request failed: POST /api/otp/validate error=OTP code has already been used
